2026-02-18 02:21:51,425 [INFO] Loaded metrics: C:\Users\treyr\Documents\algorithmic_empire\visuals\network_metrics.json
2026-02-18 02:21:51,425 [INFO] Loaded synthesis matrix: C:\Users\treyr\Documents\algorithmic_empire\docs\synthesis_matrix.json
2026-02-18 02:21:51,426 [INFO] Graph: 271 nodes, 2076 edges
2026-02-18 02:21:51,426 [INFO] Corpus: 138 docs
2026-02-18 02:21:51,426 [INFO] === STAGE 1: Evidence Curator ===
2026-02-18 02:21:51,428 [INFO]   Written: C:\Users\treyr\Documents\algorithmic_empire\reports\stage1_evidence_curator.md
2026-02-18 02:21:51,430 [INFO]   Written: C:\Users\treyr\Documents\algorithmic_empire\reports\stage1_evidence_curator_manifest.json
2026-02-18 02:21:51,432 [INFO]   Written: C:\Users\treyr\Documents\algorithmic_empire\data\derived\evidence_packet_2026-02-18.json
2026-02-18 02:21:51,432 [INFO] === STAGE 1 COMPLETE — Gate: PASS ===
2026-02-18 02:21:51,433 [INFO] === STAGE 2: Entity Normalization + Edge Encoding ===
2026-02-18 02:21:51,433 [INFO]   Gate: undefined_rel_codes=0  duplicate_tuples=0  => PASS
2026-02-18 02:21:51,435 [INFO]   Written: C:\Users\treyr\Documents\algorithmic_empire\reports\stage2_edge_encoding.md
2026-02-18 02:21:51,436 [INFO]   Written: C:\Users\treyr\Documents\algorithmic_empire\reports\stage2_edge_encoding_manifest.json
2026-02-18 02:21:51,439 [INFO]   Written: C:\Users\treyr\Documents\algorithmic_empire\data\derived\actor_system_edges_2026-02-18.json
2026-02-18 02:21:51,439 [INFO] === STAGE 2 COMPLETE — Gate: PASS ===
2026-02-18 02:21:51,439 [INFO] === STAGE 3: Matrix Compute + Overlap Analysis ===
2026-02-18 02:21:51,441 [INFO]   Written: C:\Users\treyr\Documents\algorithmic_empire\reports\stage3_matrix_compute.md
2026-02-18 02:21:51,442 [INFO]   Written: C:\Users\treyr\Documents\algorithmic_empire\reports\stage3_matrix_compute_manifest.json
2026-02-18 02:21:51,444 [INFO]   Written: C:\Users\treyr\Documents\algorithmic_empire\data\derived\actor_system_adjacency_2026-02-18.json
2026-02-18 02:21:51,446 [INFO]   Written: C:\Users\treyr\Documents\algorithmic_empire\data\derived\overlap_nodes_2026-02-18.json
2026-02-18 02:21:51,446 [INFO] === STAGE 3 COMPLETE — Gate: PASS ===
2026-02-18 02:21:51,446 [INFO] === STAGE 4: Finisher — Synthesis + Publication ===
2026-02-18 02:21:51,448 [INFO]   Written: C:\Users\treyr\Documents\algorithmic_empire\reports\stage4_finisher.md
2026-02-18 02:21:51,449 [INFO]   Published: C:\Users\treyr\Documents\algorithmic_empire\analysis\actor_system_adjacency_matrix_update_2026-02-18.md
2026-02-18 02:21:51,452 [INFO]   Written: C:\Users\treyr\Documents\algorithmic_empire\reports\stage4_finisher_manifest.json
2026-02-18 02:21:51,452 [INFO] === STAGE 4 COMPLETE ===
2026-02-18 02:21:51,453 [INFO] === ALL STAGES COMPLETE ===
